[backblue.gif]
[fade.gif]
[index.html]
[drivenxdesign.com/d100/favicon.ico]
[drivenxdesign.com/d100/config/global_top_togglecb11.js]
[drivenxdesign.com/d100/images/logo_global_top_lhs-18.png]
[drivenxdesign.com/d100/images/DrivenxDesign-identity.png]
[drivenxdesign.com/d100/index.html]
[drivenxdesign.com/d100/Default.html]
[drivenxdesign.com/d100/config/global_header_footer_201342ec.css]
[drivenxdesign.com/d100/faq.html]
[drivenxdesign.com/d100/pageae3f.html]
[drivenxdesign.com/d100/images/DrivenxDesign-Award-Programs-Melbourne.png]
[drivenxdesign.com/d100/images/www_round.png]
[drivenxdesign.com/d100/images/facebook_round.png]
[drivenxdesign.com/d100/images/twitter_round.png]
[drivenxdesign.com/d100/images/instagram_2016logo.png]
[drivenxdesign.com/d100/images/DrivenxDesign-Award-Programs-Hong-Kong.png]
[drivenxdesign.com/d100/images/DrivenxDesign-Award-Programs-Shanghai.png]
[drivenxdesign.com/d100/images/DrivenxDesign-Award-Programs-Sydney.png]
[drivenxdesign.com/d100/images/DrivenxDesign-Award-Programs-New-York.png]
[drivenxdesign.com/d100/images/DrivenxDesign-Award-Programs-London.png]
[drivenxdesign.com/d100/images/DxD-ID-PAR21-LR.png]
[drivenxdesign.com/d100/images/DxD-ID-BER21-LR.png]
[drivenxdesign.com/d100/programs.html]
[drivenxdesign.com/d100/pagec1a0.html]
[drivenxdesign.com/d100/page9da3.html]
[drivenxdesign.com/d100/news_details915c.html]
[drivenxdesign.com/d100/FAQ-2.html]
[drivenxdesign.com/d100/pagea923.html]
[drivenxdesign.com/d100/news.html]
[drivenxdesign.com/d100/newsbdcb.html]
[drivenxdesign.com/d100/news465a.html]
[drivenxdesign.com/d100/news660e.html]
[drivenxdesign.com/d100/newsefe9.html]
[drivenxdesign.com/d100/news_detailsb915.html]
[drivenxdesign.com/d100/projects.html]
[drivenxdesign.com/d100/interviews.html]
[drivenxdesign.com/d100/projects6041.html]
[drivenxdesign.com/d100/projects8930.html]
[drivenxdesign.com/d100/projects5fd4.html]
[drivenxdesign.com/d100/projects855c.html]
[drivenxdesign.com/d100/projects5c59.html]
[drivenxdesign.com/d100/projects4764.html]
[drivenxdesign.com/d100/projects2ba4.html]
[drivenxdesign.com/d100/projectsf125.html]
[drivenxdesign.com/d100/projects7ca3.html]
[drivenxdesign.com/d100/projects6bba.html]
[drivenxdesign.com/d100/projects57c9.html]
[drivenxdesign.com/d100/projects5ddb.html]
[drivenxdesign.com/d100/projectsb6c2.html]
[drivenxdesign.com/d100/projects3df3.html]
[drivenxdesign.com/d100/pagea7b8.html]
[drivenxdesign.com/d100/advisorypanel.html]
[drivenxdesign.com/d100/page0212.html]
[drivenxdesign.com/d100/pagec818.html]
[drivenxdesign.com/d100/default-2.html]
[drivenxdesign.com/d100/'/src/pages/portal/stacked_content.tpl.html]
[drivenxdesign.com/d100/news_detailsd218.html]
[drivenxdesign.com/d100/news_details8971.html]
[drivenxdesign.com/d100/news_detailsc2dc.html]
[drivenxdesign.com/d100/news_details5d76.html]
[drivenxdesign.com/d100/news_details32a0.html]
[drivenxdesign.com/d100/news_details6eb8.html]
[drivenxdesign.com/d100/news_details75c0.html]
[drivenxdesign.com/d100/searchadc3.html]
[drivenxdesign.com/d100/searche72f.html]
[drivenxdesign.com/d100/searche46a.html]
[drivenxdesign.com/d100/search81b8.html]
[drivenxdesign.com/d100/searchaa52.html]
[drivenxdesign.com/d100/search6acc.html]
[drivenxdesign.com/d100/search89ae.html]
[drivenxdesign.com/d100/searchd6d1.html]
[drivenxdesign.com/d100/search6790.html]
[drivenxdesign.com/d100/searchb0d8.html]
[drivenxdesign.com/d100/search1ea2.html]
[drivenxdesign.com/d100/searchff5d.html]
[drivenxdesign.com/d100/search253c.html]
[drivenxdesign.com/d100/search24ed.html]
[drivenxdesign.com/d100/drivenxdesign.html]
[drivenxdesign.com/d100/pageb04f.html]
[drivenxdesign.com/d100/page7337.html]
[drivenxdesign.com/d100/page6ec4.html]
[drivenxdesign.com/d100/config/programsb8f7.css]
[drivenxdesign.com/d100/news_details8cb0.html]
[drivenxdesign.com/d100/news4531.html]
[drivenxdesign.com/d100/community1234.html]
[drivenxdesign.com/d100/communityba46.html]
[drivenxdesign.com/d100/community2306.html]
[drivenxdesign.com/d100/community06c3.html]
[drivenxdesign.com/d100/community00c6.html]
[drivenxdesign.com/d100/community7778.html]
[drivenxdesign.com/d100/communityb293.html]
[drivenxdesign.com/d100/news_details34e5.html]
[drivenxdesign.com/d100/news_details7e77.html]
[drivenxdesign.com/d100/news_details1991.html]
[drivenxdesign.com/d100/news_detailsbe46.html]
[drivenxdesign.com/d100/news_detailsac2e.html]
[drivenxdesign.com/d100/news_detailse1e9.html]
[drivenxdesign.com/d100/news_details7727.html]
[drivenxdesign.com/d100/news_details7448.html]
[drivenxdesign.com/d100/null.html]
[drivenxdesign.com/d100/community30cc.html]
[drivenxdesign.com/d100/newsacdf.html]
[drivenxdesign.com/d100/newse3cc.html]
[drivenxdesign.com/d100/news782a.html]
[drivenxdesign.com/d100/news33e3.html]
[drivenxdesign.com/d100/news_details3375.html]
[drivenxdesign.com/d100/news5783.html]
[drivenxdesign.com/d100/news16a9.html]
[drivenxdesign.com/d100/news99b5.html]
[drivenxdesign.com/d100/newsdbf4.html]
[drivenxdesign.com/d100/newsec18.html]
[drivenxdesign.com/d100/news74ff.html]
[drivenxdesign.com/d100/news0b00.html]
[drivenxdesign.com/d100/community3aaf.html]
[drivenxdesign.com/d100/news118a.html]
[drivenxdesign.com/d100/news179a.html]
[drivenxdesign.com/d100/news37ff.html]
[drivenxdesign.com/d100/news7606.html]
[drivenxdesign.com/d100/news99c2.html]
[drivenxdesign.com/d100/page15e8.html]
[drivenxdesign.com/d100/www.object.com.html]
[drivenxdesign.com/d100/community4447.html]
[drivenxdesign.com/d100/newsfae3.html]
[drivenxdesign.com/d100/newsb4d7.html]
[drivenxdesign.com/d100/news4e94.html]
[drivenxdesign.com/d100/news85c2.html]
[drivenxdesign.com/d100/news5043.html]
[drivenxdesign.com/d100/page9015.html]
