[magnetadservices.com/index.html]
[backblue.gif]
[fade.gif]
[index.html]
[magnetadservices.com/Content/images/home-page-image/adv-type.jpg]
[magnetadservices.com/Content/images/theme/magnet-icon.png]
[magnetadservices.com/Content/images/theme/favicon.ico]
[magnetadservices.com/Content/style/style.min.css]
[magnetadservices.com/Content/headerJs0283]
[magnetadservices.com/Content/images/theme/magnet-logo.png]
[magnetadservices.com/Advertisers.html]
[magnetadservices.com/Publishers.html]
[magnetadservices.com/SearchAds.html]
[magnetadservices.com/AboutUs.html]
[magnetadservices.com/Content/images/home-page-image/home-stand.jpg]
[magnetadservices.com/Content/images/theme/users-icon.png]
[magnetadservices.com/Content/images/theme/media-icon.png]
[magnetadservices.com/Content/images/theme/advertisers-icon.png]
[magnetadservices.com/Content/images/theme/impression-icon.png]
[magnetadservices.com/Content/images/theme/keywords-in-search-ads.png]
[magnetadservices.com/Content/images/theme/install-in-search-ads.png]
[magnetadservices.com/Content/images/theme/spicific-advertiser-icon.png]
[magnetadservices.com/Content/images/theme/spicific-publisher-icon.png]
[magnetadservices.com/Content/images/home-page-image/customers-advertiser.jpg]
[magnetadservices.com/Content/images/home-page-image/customers-publisher.jpg]
[magnetadservices.com/Content/images/theme/aparat-icon.png]
[magnetadservices.com/index.html]
[magnetadservices.com/Content/footerJsa772]
[magnetadservices.com/Content/fonts/IranSans/IRANSansWeb_FaNum_Boldd41d.eot]
[magnetadservices.com/Content/fonts/IranSans/IRANSansWeb_FaNum_Bold.woff2]
[magnetadservices.com/Content/fonts/IranSans/IRANSansWeb_FaNum_Bold.woff]
[magnetadservices.com/Content/fonts/IranSans/IRANSansWeb_FaNum_Bold.ttf]
[magnetadservices.com/Content/fonts/IranSans/IRANSansWeb_FaNum_Mediumd41d.eot]
[magnetadservices.com/Content/fonts/IranSans/IRANSansWeb_FaNum_Medium.woff2]
[magnetadservices.com/Content/fonts/IranSans/IRANSansWeb_FaNum_Medium.woff]
[magnetadservices.com/Content/fonts/IranSans/IRANSansWeb_FaNum_Medium.ttf]
[magnetadservices.com/Content/fonts/IranSans/IRANSansWeb_FaNum_Lightd41d.eot]
[magnetadservices.com/Content/fonts/IranSans/IRANSansWeb_FaNum_Light.woff2]
[magnetadservices.com/Content/fonts/IranSans/IRANSansWeb_FaNum_Light.woff]
[magnetadservices.com/Content/fonts/IranSans/IRANSansWeb_FaNum_Light.ttf]
[magnetadservices.com/Content/fonts/IranSans/IRANSansWeb_FaNum_UltraLightd41d.eot]
[magnetadservices.com/Content/fonts/IranSans/IRANSansWeb_FaNum_UltraLight.woff2]
[magnetadservices.com/Content/fonts/IranSans/IRANSansWeb_FaNum_UltraLight.woff]
[magnetadservices.com/Content/fonts/IranSans/IRANSansWeb_FaNum_UltraLight.ttf]
[magnetadservices.com/Content/fonts/IranSans/IRANSansWeb_FaNumd41d.eot]
[magnetadservices.com/Content/fonts/IranSans/IRANSansWeb_FaNum.woff2]
[magnetadservices.com/Content/fonts/IranSans/IRANSansWeb_FaNum.woff]
[magnetadservices.com/Content/fonts/IranSans/IRANSansWeb_FaNum.ttf]
[magnetadservices.com/Content/fonts/IranSans/IRANSansWebd41d.eot]
[magnetadservices.com/Content/fonts/IranSans/IRANSansWeb.woff2]
[magnetadservices.com/Content/fonts/IranSans/IRANSansWeb.woff]
[magnetadservices.com/Content/fonts/IranSans/IRANSansWeb.ttf]
[magnetadservices.com/Content/images/theme/divider.png]
[magnetadservices.com/Content/images/home-page-image/bg-section-3.jpg]
[magnetadservices.com/Content/images/search-ads-page-image/bg-section-4.jpg]
[magnetadservices.com/Content/images/search-ads-page-image/bg-section-6.jpg]
[magnetadservices.com/Content/icons/fonts/la-brands-400d41d.eot]
[magnetadservices.com/Content/icons/fonts/la-brands-400.woff2]
[magnetadservices.com/Content/icons/fonts/la-brands-400.woff]
[magnetadservices.com/Content/icons/fonts/la-brands-400.ttf]
[magnetadservices.com/Content/icons/fonts/la-regular-400d41d.eot]
[magnetadservices.com/Content/icons/fonts/la-regular-400.woff2]
[magnetadservices.com/Content/icons/fonts/la-regular-400.woff]
[magnetadservices.com/Content/icons/fonts/la-regular-400.ttf]
[magnetadservices.com/Content/icons/fonts/la-solid-900d41d.eot]
[magnetadservices.com/Content/icons/fonts/la-solid-900.woff2]
[magnetadservices.com/Content/icons/fonts/la-solid-900.woff]
[magnetadservices.com/Content/icons/fonts/la-solid-900.ttf]
[magnetadservices.com/Content/style/style.min.css]
[magnetadservices.com/Content/images/advertiser-page-image/advertiser-stand.jpg]
[magnetadservices.com/Content/images/theme/extensive-target-community.png]
[magnetadservices.com/Content/images/theme/targeting.png]
[magnetadservices.com/Content/images/theme/retargeting.png]
[magnetadservices.com/Content/images/theme/provide-reports.png]
[magnetadservices.com/Content/images/theme/detection-of-fraud.png]
[magnetadservices.com/Content/images/theme/support-and-advice.png]
[magnetadservices.com/Content/images/advertiser-page-image/advertising-range.jpg]
[magnetadservices.com/Content/images/theme/click-icon.png]
[magnetadservices.com/Content/images/theme/install-app-icon.png]
[magnetadservices.com/Advertisers.html]
[magnetadservices.com/Content/images/advertiser-page-image/advertiser-testimonial.png]
[magnetadservices.com/Content/images/publisher-page-image/publisher-stand.jpg]
[magnetadservices.com/Content/images/publisher-page-image/tablet-adv.png]
[magnetadservices.com/Content/images/publisher-page-image/mobile-adv.png]
[magnetadservices.com/Content/images/theme/make-the-most-money.png]
[magnetadservices.com/Content/images/theme/support-for-various-platforms.png]
[magnetadservices.com/Content/images/theme/regular-payment.png]
[magnetadservices.com/Content/images/theme/variety-of-display-formats.png]
[magnetadservices.com/Content/images/preview-ads/mobile-show-ads.png]
[magnetadservices.com/Content/images/preview-ads/sample-mob-content.png]
[magnetadservices.com/Content/images/preview-ads/native-ads.png]
[magnetadservices.com/Content/images/preview-ads/menu-app.png]
[magnetadservices.com/Content/images/preview-ads/sample-mob-content-2.png]
[magnetadservices.com/Content/images/preview-ads/mobile-banner-ads.png]
[magnetadservices.com/Content/images/preview-ads/interstitiall-ads.jpg]
[magnetadservices.com/Content/images/publisher-page-image/publishers-testimonial.png]
[magnetadservices.com/Publishers.html]
[magnetadservices.com/Content/images/search-ads-page-image/myket-ads-stand.jpg]
[magnetadservices.com/Content/images/search-ads-page-image/myket-logo.png]
[magnetadservices.com/Content/images/theme/app-users.png]
[magnetadservices.com/Content/images/theme/search-page-impression.png]
[magnetadservices.com/Content/images/theme/myket-mini-logo.png]
[magnetadservices.com/Content/images/preview-ads/search-myket-ads.png]
[magnetadservices.com/Content/images/preview-ads/recommended-myket-adv.png]
[magnetadservices.com/Content/images/preview-ads/banner-myket-ads-slice-1.png]
[magnetadservices.com/Content/images/preview-ads/banner-myket-ads-slice-2.png]
[magnetadservices.com/Content/images/preview-ads/banner-myket-ads-slice-3.png]
[magnetadservices.com/Content/images/theme/best-benefit-icon-1.png]
[magnetadservices.com/Content/images/theme/best-benefit-icon-2.png]
[magnetadservices.com/SearchAds.html]
[magnetadservices.com/Content/images/theme/search-keyword.png]
[magnetadservices.com/Content/images/theme/about-us.jpg]
[magnetadservices.com/AboutUs.html]
[magnetadservices.com/Content/images/theme/double-tail-spin.svg]
[magnetadservices.com/Content/icons/fonts/la-brands-400.svg]
[magnetadservices.com/Content/icons/fonts/la-regular-400.svg]
[magnetadservices.com/Content/icons/fonts/la-solid-900.svg]
